// Jest Snapshot v1, https://goo.gl/fbAQLP

exports[`ofType of(a(), b(), c()).pipe(ofType('a')) (type) should match snapshot 1`] = `"Observable<{ type: \\"a\\"; }>"`;

exports[`ofType of(a(), b(), c()).pipe(ofType(<const>['a', 'b'])) (type) should match snapshot 1`] = `"Observable<{ type: \\"a\\"; } | { type: \\"b\\"; }>"`;

exports[`ofType of(a(), b(), c()).pipe(ofType([a(), b()])) (type) should match snapshot 1`] = `"Observable<{ type: \\"a\\"; } | { type: \\"b\\"; }>"`;

exports[`ofType of(a(), b(), c()).pipe(ofType([a, b])) (type) should match snapshot 1`] = `"Observable<{ type: \\"a\\"; } | { type: \\"b\\"; }>"`;

exports[`ofType of(a(), b(), c()).pipe(ofType(a())) (type) should match snapshot 1`] = `"Observable<{ type: \\"a\\"; }>"`;

exports[`ofType of(a(), b(), c()).pipe(ofType(a)) (type) should match snapshot 1`] = `"Observable<{ type: \\"a\\"; }>"`;

exports[`ofType of(a(), b(), c(), d()).pipe(ofType(<const>['a', b(), c])) (type) should match snapshot 1`] = `"Observable<{ type: \\"a\\"; } | { type: \\"b\\"; } | { type: \\"c\\"; }>"`;
